Line:7 -> argument type mismatch
Line:14 -> argument type mismatch
